Offset		:	size			Name

00000000	:	00000000		_header
00000000	:	0000030a		_text
0000030a	:	00000000		_data

Address	:	offset		Name                     File

0000	:	0000		L_HEADER                 \CPU\src\ACL\TestProgram.acl
0000	:	0000		Start                    \CPU\src\ACL\TestProgram.acl
0000	:	0000		_BIOSStart               \CPU\src\ACL\BIOS\BIOS.acl
0000	:	001b		CharOut                  \CPU\src\ACL\BIOS\IOFunctions.acl
0000	:	009d		Read_sector              \CPU\src\ACL\BIOS\IOFunctions.acl
0000	:	00d9		Write_sector             \CPU\src\ACL\BIOS\IOFunctions.acl
0000	:	0110		Read_Data                \CPU\src\ACL\BIOS\Filesystem.acl
0000	:	0167		WaitForData              \CPU\src\ACL\BIOS\Filesystem.acl
0000	:	017b		ReadDataLoop             \CPU\src\ACL\BIOS\Filesystem.acl
0000	:	0195		Write_Data               \CPU\src\ACL\BIOS\Filesystem.acl
0000	:	0195		Seek                     \CPU\src\ACL\BIOS\Filesystem.acl
0000	:	0195		Recalibrate              \CPU\src\ACL\BIOS\Filesystem.acl
0000	:	0195		ACharOut                 \CPU\src\ACL\BIOS\BIOS_Functions.acl
0000	:	01c4		Interrupts               \CPU\src\ACL\BIOS\Functions.acl
0000	:	01e8		NOT_TRUE                 \CPU\src\ACL\BIOS\Functions.acl
0000	:	021a		Load_Args                \CPU\src\ACL\BIOS\Functions.acl
0000	:	0299		FindInterruptAddress     \CPU\src\ACL\BIOS\Functions.acl
0000	:	02c7		GetToAddress             \CPU\src\ACL\BIOS\Functions.acl
0000	:	0268		FindInterruptAddress     \CPU\src\ACL\BIOS\Functions.acl
0000	:	028e		GetToAddress             \CPU\src\ACL\BIOS\Functions.acl
0000	:	02f2		StoreDSB                 \CPU\src\ACL\BIOS\Functions.acl
0000	:	031f		LoadDSB                  \CPU\src\ACL\BIOS\Functions.acl
0000	:	0006		_BIOSFunctions           \CPU\src\ACL\BIOS\BIOS_Interrupt_Functions.acl
