Sections:
Start	Size		Name                     File

0004	0004		INT2h                    
0018	0004		InvalidIns               
0040	0004		IRQ0                     
0044	0004		IRQ1                     
007c	0004		IRQ15                    
0090	0004		INT10h                   
0094	0004		INT13h                   
9000	7000		TEXT                     
7c00	0200		Bootloader               
7e00	1200		BSS                      
4000	3c00		DATA                     
9000	7000		RODATA                   

Name                                         Address	Section             File

_INT2h                                       00000004	INT2h               
__END_INT2H__                                0000000c	INT2h               
__SIZE_INT2h__                               00000008	INT2h               
_InvalidIns                                  00000018	InvalidIns          
__END_INVALIDINS__                           00000034	InvalidIns          
__SIZE_InvalidIns__                          0000001c	InvalidIns          
_IRQ0                                        00000040	IRQ0                
__END_IRQ0__                                 00000084	IRQ0                
__SIZE_IRQ0__                                00000044	IRQ0                
_IRQ1                                        00000044	IRQ1                
__END_IRQ1__                                 0000008c	IRQ1                
__SIZE_IRQ1__                                00000048	IRQ1                
_IRQ15                                       0000007c	IRQ15               
__END_IRQ15__                                000000fc	IRQ15               
__SIZE_IRQ15__                               00000080	IRQ15               
_INT10h                                      00000090	INT10h              
__END_INT10H__                               00000124	INT10h              
__SIZE_INT10h__                              00000094	INT10h              
_INT13h                                      00000094	INT13h              
__END_INT13H__                               0000012c	INT13h              
__SIZE_INT13h__                              00000098	INT13h              
__CODE                                       00009000	TEXT                %O
__END_TEXT__                                 00019000	TEXT                %O
__SIZE_TEXT__                                00010000	TEXT                %O
__BOOTLOADER                                 00007c00	Bootloader          
__END_BOOTLOADER__                           0000fa00	Bootloader          
__SIZE_Bootloader__                          00007e00	Bootloader          
__START_BSS__                                00007e00	BSS                 
__END_BSS__                                  00010e00	BSS                 
__SIZE_BSS__                                 00009000	BSS                 
__START_DATA__                               00004000	DATA                
__END_DATA__                                 0000bc00	DATA                
__SIZE_DATA__                                00007c00	DATA                
__START_RODATA__                             00009000	RODATA              %O
__END_RODATA__                               00019000	RODATA              %O
__SIZE_RODATA__                              00010000	RODATA              %O
_BIOSStart                                   00009000	TEXT                /src/BIOS/src/BIOS.acl
OtherBIOS                                    0000902c	TEXT                /src/BIOS/src/BIOS.acl
FindBootDiskLoop                             00009093	TEXT                /src/BIOS/src/BIOS.acl
SetArguments                                 000090a4	TEXT                /src/BIOS/src/BIOS.acl
Exit_FindDiskLoop                            00009107	TEXT                /src/BIOS/src/BIOS.acl
EndOfBIOS                                    00009111	TEXT                /src/BIOS/src/BIOS.acl
ShowBIOS                                     00009156	TEXT                /src/BIOS/src/BIOS.acl
BreakPoint                                   00009156	TEXT                /src/BIOS/src/BIOS.acl
BreakpointLoop                               0000917c	TEXT                /src/BIOS/src/BIOS.acl
__START_STACK__                              00007e00	BSS                 /src/BIOS/src/BIOS.acl
JMPErrorLoop                                 00009262	TEXT                /src/BIOS/src/BIOS_errors.acl
Error_Invalid_BootDisk                       00009225	TEXT                /src/BIOS/src/BIOS_errors.acl
Error_Invalid_Instruction                    00009231	TEXT                /src/BIOS/src/BIOS_errors.acl
PrintError                                   00009269	TEXT                /src/BIOS/src/BIOS_errors.acl
ErrorMSG                                     0000927e	TEXT                /src/BIOS/src/BIOS_errors.acl
ErrorMSGend                                  00009284	TEXT                /src/BIOS/src/BIOS_errors.acl
ErrorMSGLength                               00009284	TEXT                /src/BIOS/src/BIOS_errors.acl
Error_Invalid_InstructionMSG                 00009286	TEXT                /src/BIOS/src/BIOS_errors.acl
Error_Invalid_InstructionEnd                 0000929d	TEXT                /src/BIOS/src/BIOS_errors.acl
Error_Invalid_InstructionLength              0000929d	TEXT                /src/BIOS/src/BIOS_errors.acl
CharBuffer                                   00008008	BSS                 /src/BIOS/src/BIOS_errors.acl
PrintStr                                     000095aa	TEXT                /src/BIOS/src/IOFunctions.acl
PrintStrLoop                                 000095ae	TEXT                /src/BIOS/src/IOFunctions.acl
ExitPrintStr                                 000095d7	TEXT                /src/BIOS/src/IOFunctions.acl
ReadCharKey                                  000095dd	TEXT                /src/BIOS/src/IOFunctions.acl
Read_Sector                                  000095e4	TEXT                /src/BIOS/src/IOFunctions.acl
ExitReadSector                               0000963c	TEXT                /src/BIOS/src/IOFunctions.acl
LBAtoCHS                                     00009644	TEXT                /src/BIOS/src/IOFunctions.acl
LBAtoCHS32                                   000096a8	TEXT                /src/BIOS/src/IOFunctions.acl
COut                                         000096d8	TEXT                /src/BIOS/src/BIOS_VideoDriver.acl
EndOfLoad                                    00009708	TEXT                /src/BIOS/src/BIOS_VideoDriver.acl
NewLine                                      00009725	TEXT                /src/BIOS/src/BIOS_VideoDriver.acl
ExitCout                                     0000973b	TEXT                /src/BIOS/src/BIOS_VideoDriver.acl
GetCursorAddress                             00009748	TEXT                /src/BIOS/src/BIOS_VideoDriver.acl
Metadata                                     0000902e	RODATA              /src/BIOS/src/FDDController.acl
Buffer                                       00009017	RODATA              /src/BIOS/src/FDDController.acl
InitializeDrive                              00009779	TEXT                /src/BIOS/src/FDDController.acl
Read_Data                                    000097c2	TEXT                /src/BIOS/src/FDDController.acl
Write_Data                                   00009815	TEXT                /src/BIOS/src/FDDController.acl
Format                                       00009864	TEXT                /src/BIOS/src/FDDController.acl
WaitForMSR                                   0000989e	TEXT                /src/BIOS/src/FDDController.acl
DataFormat_Head                              0000901d	RODATA              /src/BIOS/src/FDDController.acl
DataFormat_TracksPerHead                     0000901e	RODATA              /src/BIOS/src/FDDController.acl
DataFormat_TotalSector                       00009020	RODATA              /src/BIOS/src/FDDController.acl
DataFormat_SectorsPerTrack                   00009022	RODATA              /src/BIOS/src/FDDController.acl
DataFormat_SectorsPerPage                    00009023	RODATA              /src/BIOS/src/FDDController.acl
DataFormat_BytesPerSector                    00009025	RODATA              /src/BIOS/src/FDDController.acl
InitBuffer                                   0000995f	TEXT                /src/BIOS/src/Keyboard.acl
WriteBuffer                                  00009975	TEXT                /src/BIOS/src/Keyboard.acl
ReadBuffer                                   0000999a	TEXT                /src/BIOS/src/Keyboard.acl
BufferSize                                   000099cc	TEXT                /src/BIOS/src/Keyboard.acl
EnableCLS                                    000099e1	TEXT                /src/BIOS/src/Keyboard.acl
CharIn                                       000099e9	TEXT                /src/BIOS/src/Keyboard.acl
nopeKey                                      00009a03	TEXT                /src/BIOS/src/Keyboard.acl
ReadPtrVar                                   00008114	BSS                 /src/BIOS/src/Keyboard.acl
WritePtrVar                                  00008116	BSS                 /src/BIOS/src/Keyboard.acl
KeyboardBuffer                               00008118	BSS                 /src/BIOS/src/Keyboard.acl
BIOS_IRQ_Interrupt                           00009ad9	TEXT                /src/BIOS/src/BIOS_Interrupt_Pointer.acl
KeyBoardIRQ                                  00009adb	TEXT                /src/BIOS/src/BIOS_Interrupt_Pointer.acl
NotInBoot                                    00009b14	TEXT                /src/BIOS/src/BIOS_Interrupt_Pointer.acl
BIOS_Interrupt13h                            00009b1e	TEXT                /src/BIOS/src/BIOS_Interrupt_Pointer.acl
BIOS_Interrupt10h                            00009b38	TEXT                /src/BIOS/src/BIOS_Interrupt_Pointer.acl
readkey                                      00009b50	TEXT                /src/BIOS/src/BIOS_Interrupt_Pointer.acl
printchar                                    00009b57	TEXT                /src/BIOS/src/BIOS_Interrupt_Pointer.acl
IntLBAToCHS                                  00009b5e	TEXT                /src/BIOS/src/BIOS_Interrupt_Pointer.acl
EEMLBAToCHS32                                00009b81	TEXT                /src/BIOS/src/BIOS_Interrupt_Pointer.acl
readsector                                   00009b8b	TEXT                /src/BIOS/src/BIOS_Interrupt_Pointer.acl
DriveNumber                                  00008218	BSS                 /src/BIOS/src/BIOS.acl
ReceivedIRQ                                  00008219	BSS                 /src/BIOS/src/BIOS.acl
IsF12                                        0000821a	BSS                 /src/BIOS/src/BIOS.acl
Cursorx                                      0000821b	BSS                 /src/BIOS/src/BIOS.acl
Cursory                                      0000821d	BSS                 /src/BIOS/src/BIOS.acl
EReg                                         0000821f	BSS                 /src/BIOS/src/BIOS.acl
ScreenHeight                                 00008223	BSS                 /src/BIOS/src/BIOS.acl
ScreenWidth                                  00008225	BSS                 /src/BIOS/src/BIOS.acl
KeyBoardChar                                 00008227	BSS                 /src/BIOS/src/BIOS.acl
BreakPointMSG                                0000902e	RODATA              /src/BIOS/src/BIOS.acl
BreakPointMSGEnd                             00009041	RODATA              /src/BIOS/src/BIOS.acl
BreakPointMSGLength                          00009041	RODATA              /src/BIOS/src/BIOS.acl
StartMSG                                     00009043	RODATA              /src/BIOS/src/BIOS.acl
StartMSGEnd                                  00009047	RODATA              /src/BIOS/src/BIOS.acl
StartMSGLength                               00009047	RODATA              /src/BIOS/src/BIOS.acl
Error_Invalid_BootDisk_Str                   0000904b	RODATA              /src/BIOS/src/BIOS.acl
Error_Invalid_BootDisk_Strend                00009066	RODATA              /src/BIOS/src/BIOS.acl
Error_Invalid_BootDisk_StrLength             00009066	RODATA              /src/BIOS/src/BIOS.acl
INFOMSG_FoundBootableDisk                    00009068	RODATA              /src/BIOS/src/BIOS.acl
INFOMSG_FoundBootableDiskEnd                 00009076	RODATA              /src/BIOS/src/BIOS.acl
INFOMSG_FoundBootableDiskLength              00009076	RODATA              /src/BIOS/src/BIOS.acl
